running egg_info
writing build/px4_nav2_bridge/px4_nav2_bridge.egg-info/PKG-INFO
writing dependency_links to build/px4_nav2_bridge/px4_nav2_bridge.egg-info/dependency_links.txt
writing entry points to build/px4_nav2_bridge/px4_nav2_bridge.egg-info/entry_points.txt
writing requirements to build/px4_nav2_bridge/px4_nav2_bridge.egg-info/requires.txt
writing top-level names to build/px4_nav2_bridge/px4_nav2_bridge.egg-info/top_level.txt
reading manifest file 'build/px4_nav2_bridge/px4_nav2_bridge.egg-info/SOURCES.txt'
writing manifest file 'build/px4_nav2_bridge/px4_nav2_bridge.egg-info/SOURCES.txt'
running build
running build_py
running install
running install_lib
running install_data
copying config/nav2_params.yaml -> /root/ros2_ws/src/px4_nav2_bridge/install/px4_nav2_bridge/share/px4_nav2_bridge/config
running install_egg_info
removing '/root/ros2_ws/src/px4_nav2_bridge/install/px4_nav2_bridge/lib/python3.12/site-packages/px4_nav2_bridge-0.0.0-py3.12.egg-info' (and everything under it)
Copying build/px4_nav2_bridge/px4_nav2_bridge.egg-info to /root/ros2_ws/src/px4_nav2_bridge/install/px4_nav2_bridge/lib/python3.12/site-packages/px4_nav2_bridge-0.0.0-py3.12.egg-info
running install_scripts
Installing cmd_vel_bridge script to /root/ros2_ws/src/px4_nav2_bridge/install/px4_nav2_bridge/lib/px4_nav2_bridge
Installing px4_odom_tf script to /root/ros2_ws/src/px4_nav2_bridge/install/px4_nav2_bridge/lib/px4_nav2_bridge
writing list of installed files to '/root/ros2_ws/src/px4_nav2_bridge/build/px4_nav2_bridge/install.log'
