running egg_info
creating build/px4_nav2_bridge/px4_nav2_bridge.egg-info
writing build/px4_nav2_bridge/px4_nav2_bridge.egg-info/PKG-INFO
writing dependency_links to build/px4_nav2_bridge/px4_nav2_bridge.egg-info/dependency_links.txt
writing entry points to build/px4_nav2_bridge/px4_nav2_bridge.egg-info/entry_points.txt
writing requirements to build/px4_nav2_bridge/px4_nav2_bridge.egg-info/requires.txt
writing top-level names to build/px4_nav2_bridge/px4_nav2_bridge.egg-info/top_level.txt
writing manifest file 'build/px4_nav2_bridge/px4_nav2_bridge.egg-info/SOURCES.txt'
reading manifest file 'build/px4_nav2_bridge/px4_nav2_bridge.egg-info/SOURCES.txt'
writing manifest file 'build/px4_nav2_bridge/px4_nav2_bridge.egg-info/SOURCES.txt'
running build
running build_py
creating /root/ros2_ws/src/px4_nav2_bridge/build/px4_nav2_bridge/build
creating /root/ros2_ws/src/px4_nav2_bridge/build/px4_nav2_bridge/build/lib
creating /root/ros2_ws/src/px4_nav2_bridge/build/px4_nav2_bridge/build/lib/px4_nav2_bridge
copying px4_nav2_bridge/cmd_vel_bridge.py -> /root/ros2_ws/src/px4_nav2_bridge/build/px4_nav2_bridge/build/lib/px4_nav2_bridge
copying px4_nav2_bridge/__init__.py -> /root/ros2_ws/src/px4_nav2_bridge/build/px4_nav2_bridge/build/lib/px4_nav2_bridge
copying px4_nav2_bridge/px4_odom_tf.py -> /root/ros2_ws/src/px4_nav2_bridge/build/px4_nav2_bridge/build/lib/px4_nav2_bridge
running install
running install_lib
creating /root/ros2_ws/src/px4_nav2_bridge/install/px4_nav2_bridge/lib/python3.12/site-packages/px4_nav2_bridge
copying /root/ros2_ws/src/px4_nav2_bridge/build/px4_nav2_bridge/build/lib/px4_nav2_bridge/cmd_vel_bridge.py -> /root/ros2_ws/src/px4_nav2_bridge/install/px4_nav2_bridge/lib/python3.12/site-packages/px4_nav2_bridge
copying /root/ros2_ws/src/px4_nav2_bridge/build/px4_nav2_bridge/build/lib/px4_nav2_bridge/__init__.py -> /root/ros2_ws/src/px4_nav2_bridge/install/px4_nav2_bridge/lib/python3.12/site-packages/px4_nav2_bridge
copying /root/ros2_ws/src/px4_nav2_bridge/build/px4_nav2_bridge/build/lib/px4_nav2_bridge/px4_odom_tf.py -> /root/ros2_ws/src/px4_nav2_bridge/install/px4_nav2_bridge/lib/python3.12/site-packages/px4_nav2_bridge
byte-compiling /root/ros2_ws/src/px4_nav2_bridge/install/px4_nav2_bridge/lib/python3.12/site-packages/px4_nav2_bridge/cmd_vel_bridge.py to cmd_vel_bridge.cpython-312.pyc
byte-compiling /root/ros2_ws/src/px4_nav2_bridge/install/px4_nav2_bridge/lib/python3.12/site-packages/px4_nav2_bridge/__init__.py to __init__.cpython-312.pyc
byte-compiling /root/ros2_ws/src/px4_nav2_bridge/install/px4_nav2_bridge/lib/python3.12/site-packages/px4_nav2_bridge/px4_odom_tf.py to px4_odom_tf.cpython-312.pyc
running install_data
creating /root/ros2_ws/src/px4_nav2_bridge/install/px4_nav2_bridge/share/ament_index
creating /root/ros2_ws/src/px4_nav2_bridge/install/px4_nav2_bridge/share/ament_index/resource_index
creating /root/ros2_ws/src/px4_nav2_bridge/install/px4_nav2_bridge/share/ament_index/resource_index/packages
copying resource/px4_nav2_bridge -> /root/ros2_ws/src/px4_nav2_bridge/install/px4_nav2_bridge/share/ament_index/resource_index/packages
copying package.xml -> /root/ros2_ws/src/px4_nav2_bridge/install/px4_nav2_bridge/share/px4_nav2_bridge
creating /root/ros2_ws/src/px4_nav2_bridge/install/px4_nav2_bridge/share/px4_nav2_bridge/launch
copying launch/bridge_launch.py -> /root/ros2_ws/src/px4_nav2_bridge/install/px4_nav2_bridge/share/px4_nav2_bridge/launch
creating /root/ros2_ws/src/px4_nav2_bridge/install/px4_nav2_bridge/share/px4_nav2_bridge/config
copying config/nav2_params.yaml -> /root/ros2_ws/src/px4_nav2_bridge/install/px4_nav2_bridge/share/px4_nav2_bridge/config
running install_egg_info
Copying build/px4_nav2_bridge/px4_nav2_bridge.egg-info to /root/ros2_ws/src/px4_nav2_bridge/install/px4_nav2_bridge/lib/python3.12/site-packages/px4_nav2_bridge-0.0.0-py3.12.egg-info
running install_scripts
Installing cmd_vel_bridge script to /root/ros2_ws/src/px4_nav2_bridge/install/px4_nav2_bridge/lib/px4_nav2_bridge
Installing px4_odom_tf script to /root/ros2_ws/src/px4_nav2_bridge/install/px4_nav2_bridge/lib/px4_nav2_bridge
writing list of installed files to '/root/ros2_ws/src/px4_nav2_bridge/build/px4_nav2_bridge/install.log'
