[0.203s] DEBUG:colcon:Command line arguments: ['/usr/bin/colcon', 'build', '--packages-select', 'px4_nav2_bridge']
[0.203s] DEBUG:colcon:Parsed command line arguments: Namespace(log_base=None, log_level=None, verb_name='build', build_base='build', install_base='install', merge_install=False, symlink_install=False, test_result_base=None, continue_on_error=False, executor='parallel', parallel_workers=24, event_handlers=None, ignore_user_meta=False, metas=['./colcon.meta'], base_paths=['.'], packages_ignore=None, packages_ignore_regex=None, paths=None, packages_up_to=None, packages_up_to_regex=None, packages_above=None, packages_above_and_dependencies=None, packages_above_depth=None, packages_select_by_dep=None, packages_skip_by_dep=None, packages_skip_up_to=None, packages_select_build_failed=False, packages_skip_build_finished=False, packages_select_test_failures=False, packages_skip_test_passed=False, packages_select=['px4_nav2_bridge'], packages_skip=None, packages_select_regex=None, packages_skip_regex=None, packages_start=None, packages_end=None, allow_overriding=[], cmake_args=None, cmake_target=None, cmake_target_skip_unavailable=False, cmake_clean_cache=False, cmake_clean_first=False, cmake_force_configure=False, ament_cmake_args=None, catkin_cmake_args=None, catkin_skip_building_tests=False, verb_parser=<colcon_defaults.argument_parser.defaults.DefaultArgumentsDecorator object at 0x75e475063ce0>, verb_extension=<colcon_core.verb.build.BuildVerb object at 0x75e4750638c0>, main=<bound method BuildVerb.main of <colcon_core.verb.build.BuildVerb object at 0x75e4750638c0>>)
[0.245s] Level 1:colcon.colcon_core.package_discovery:discover_packages(colcon_meta) check parameters
[0.245s] Level 1:colcon.colcon_core.package_discovery:discover_packages(recursive) check parameters
[0.245s] Level 1:colcon.colcon_core.package_discovery:discover_packages(ignore) check parameters
[0.245s] Level 1:colcon.colcon_core.package_discovery:discover_packages(path) check parameters
[0.245s] Level 1:colcon.colcon_core.package_discovery:discover_packages(colcon_meta) discover
[0.245s] Level 1:colcon.colcon_core.package_discovery:discover_packages(recursive) discover
[0.245s] INFO:colcon.colcon_core.package_discovery:Crawling recursively for packages in '/root/ros2_ws/src/px4_nav2_bridge'
[0.245s] Level 1:colcon.colcon_core.package_identification:_identify(.) by extensions ['ignore', 'ignore_ament_install']
[0.245s] Level 1:colcon.colcon_core.package_identification:_identify(.) by extension 'ignore'
[0.245s] Level 1:colcon.colcon_core.package_identification:_identify(.) by extension 'ignore_ament_install'
[0.245s] Level 1:colcon.colcon_core.package_identification:_identify(.) by extensions ['colcon_pkg']
[0.245s] Level 1:colcon.colcon_core.package_identification:_identify(.) by extension 'colcon_pkg'
[0.245s] Level 1:colcon.colcon_core.package_identification:_identify(.) by extensions ['colcon_meta']
[0.246s] Level 1:colcon.colcon_core.package_identification:_identify(.) by extension 'colcon_meta'
[0.246s] Level 1:colcon.colcon_core.package_identification:_identify(.) by extensions ['ros']
[0.246s] Level 1:colcon.colcon_core.package_identification:_identify(.) by extension 'ros'
[0.271s] DEBUG:colcon.colcon_core.package_identification:Package '.' with type 'ros.ament_python' and name 'px4_nav2_bridge'
[0.271s] Level 1:colcon.colcon_core.package_discovery:discover_packages(recursive) using defaults
[0.271s] Level 1:colcon.colcon_core.package_discovery:discover_packages(ignore) discover
[0.271s] Level 1:colcon.colcon_core.package_discovery:discover_packages(ignore) using defaults
[0.271s] Level 1:colcon.colcon_core.package_discovery:discover_packages(path) discover
[0.271s] Level 1:colcon.colcon_core.package_discovery:discover_packages(path) using defaults
[0.292s] Level 1:colcon.colcon_core.package_discovery:discover_packages(prefix_path) check parameters
[0.292s] Level 1:colcon.colcon_core.package_discovery:discover_packages(prefix_path) discover
[0.294s] DEBUG:colcon.colcon_installed_package_information.package_discovery:Found 402 installed packages in /opt/ros/jazzy
[0.295s] Level 1:colcon.colcon_core.package_discovery:discover_packages(prefix_path) using defaults
[0.323s] Level 5:colcon.colcon_core.verb:set package 'px4_nav2_bridge' build argument 'cmake_args' from command line to 'None'
[0.323s] Level 5:colcon.colcon_core.verb:set package 'px4_nav2_bridge' build argument 'cmake_target' from command line to 'None'
[0.323s] Level 5:colcon.colcon_core.verb:set package 'px4_nav2_bridge' build argument 'cmake_target_skip_unavailable' from command line to 'False'
[0.323s] Level 5:colcon.colcon_core.verb:set package 'px4_nav2_bridge' build argument 'cmake_clean_cache' from command line to 'False'
[0.323s] Level 5:colcon.colcon_core.verb:set package 'px4_nav2_bridge' build argument 'cmake_clean_first' from command line to 'False'
[0.323s] Level 5:colcon.colcon_core.verb:set package 'px4_nav2_bridge' build argument 'cmake_force_configure' from command line to 'False'
[0.323s] Level 5:colcon.colcon_core.verb:set package 'px4_nav2_bridge' build argument 'ament_cmake_args' from command line to 'None'
[0.323s] Level 5:colcon.colcon_core.verb:set package 'px4_nav2_bridge' build argument 'catkin_cmake_args' from command line to 'None'
[0.323s] Level 5:colcon.colcon_core.verb:set package 'px4_nav2_bridge' build argument 'catkin_skip_building_tests' from command line to 'False'
[0.323s] DEBUG:colcon.colcon_core.verb:Building package 'px4_nav2_bridge' with the following arguments: {'ament_cmake_args': None, 'build_base': '/root/ros2_ws/src/px4_nav2_bridge/build/px4_nav2_bridge', 'catkin_cmake_args': None, 'catkin_skip_building_tests': False, 'cmake_args': None, 'cmake_clean_cache': False, 'cmake_clean_first': False, 'cmake_force_configure': False, 'cmake_target': None, 'cmake_target_skip_unavailable': False, 'install_base': '/root/ros2_ws/src/px4_nav2_bridge/install/px4_nav2_bridge', 'merge_install': False, 'path': '/root/ros2_ws/src/px4_nav2_bridge', 'symlink_install': False, 'test_result_base': None}
[0.323s] INFO:colcon.colcon_core.executor:Executing jobs using 'parallel' executor
[0.324s] DEBUG:colcon.colcon_parallel_executor.executor.parallel:run_until_complete
[0.324s] INFO:colcon.colcon_ros.task.ament_python.build:Building ROS package in '/root/ros2_ws/src/px4_nav2_bridge' with build type 'ament_python'
[0.324s] Level 1:colcon.colcon_core.shell:create_environment_hook('px4_nav2_bridge', 'ament_prefix_path')
[0.329s] INFO:colcon.colcon_core.plugin_system:Skipping extension 'colcon_core.shell.bat': Not used on non-Windows systems
[0.329s] INFO:colcon.colcon_core.shell:Creating environment hook '/root/ros2_ws/src/px4_nav2_bridge/install/px4_nav2_bridge/share/px4_nav2_bridge/hook/ament_prefix_path.ps1'
[0.331s] INFO:colcon.colcon_core.shell:Creating environment descriptor '/root/ros2_ws/src/px4_nav2_bridge/install/px4_nav2_bridge/share/px4_nav2_bridge/hook/ament_prefix_path.dsv'
[0.331s] INFO:colcon.colcon_core.shell:Creating environment hook '/root/ros2_ws/src/px4_nav2_bridge/install/px4_nav2_bridge/share/px4_nav2_bridge/hook/ament_prefix_path.sh'
[0.332s] INFO:colcon.colcon_core.shell:Skip shell extension 'powershell' for command environment: Not usable outside of PowerShell
[0.332s] DEBUG:colcon.colcon_core.shell:Skip shell extension 'dsv' for command environment
[0.456s] INFO:colcon.colcon_core.task.python.build:Building Python package in '/root/ros2_ws/src/px4_nav2_bridge'
[0.457s] INFO:colcon.colcon_core.shell:Skip shell extension 'powershell' for command environment: Not usable outside of PowerShell
[0.457s] DEBUG:colcon.colcon_core.shell:Skip shell extension 'dsv' for command environment
[1.019s] DEBUG:colcon.colcon_core.task.python.build:Available setuptools commands: upload_docs, sdist, bdist_dumb, extract_messages, upload, dist_info, init_catalog, update_catalog, install_egg_info, bdist_wheel, install_scripts, build_scripts, setopt, check, bdist, install_lib, develop, install, alias, compile_catalog, bdist_egg, install_data, build_clib, egg_info, symlink_data, rotate, build_py, build, build_ext, saveopts, bdist_rpm, editable_wheel, install_headers, test, clean, register, easy_install
[1.020s] DEBUG:colcon.colcon_core.event_handler.log_command:Invoking command in '/root/ros2_ws/src/px4_nav2_bridge': PYTHONPATH=/root/ros2_ws/src/px4_nav2_bridge/build/px4_nav2_bridge/prefix_override:/usr/lib/python3/dist-packages/colcon_core/task/python/colcon_distutils_commands:/root/ros2_ws/src/px4_nav2_bridge/install/px4_nav2_bridge/lib/python3.12/site-packages:${PYTHONPATH} /usr/bin/python3 -W ignore:setup.py install is deprecated -W ignore:easy_install command is deprecated setup.py egg_info --egg-base build/px4_nav2_bridge build --build-base /root/ros2_ws/src/px4_nav2_bridge/build/px4_nav2_bridge/build install --record /root/ros2_ws/src/px4_nav2_bridge/build/px4_nav2_bridge/install.log --install-scripts $base/lib/px4_nav2_bridge --single-version-externally-managed install_data
[1.351s] DEBUG:colcon.colcon_core.event_handler.log_command:Invoked command in '/root/ros2_ws/src/px4_nav2_bridge' returned '0': PYTHONPATH=/root/ros2_ws/src/px4_nav2_bridge/build/px4_nav2_bridge/prefix_override:/usr/lib/python3/dist-packages/colcon_core/task/python/colcon_distutils_commands:/root/ros2_ws/src/px4_nav2_bridge/install/px4_nav2_bridge/lib/python3.12/site-packages:${PYTHONPATH} /usr/bin/python3 -W ignore:setup.py install is deprecated -W ignore:easy_install command is deprecated setup.py egg_info --egg-base build/px4_nav2_bridge build --build-base /root/ros2_ws/src/px4_nav2_bridge/build/px4_nav2_bridge/build install --record /root/ros2_ws/src/px4_nav2_bridge/build/px4_nav2_bridge/install.log --install-scripts $base/lib/px4_nav2_bridge --single-version-externally-managed install_data
[1.356s] Level 1:colcon.colcon_core.environment:checking '/root/ros2_ws/src/px4_nav2_bridge/install/px4_nav2_bridge' for CMake module files
[1.356s] Level 1:colcon.colcon_core.environment:checking '/root/ros2_ws/src/px4_nav2_bridge/install/px4_nav2_bridge' for CMake config files
[1.356s] Level 1:colcon.colcon_core.environment:checking '/root/ros2_ws/src/px4_nav2_bridge/install/px4_nav2_bridge/lib'
[1.356s] Level 1:colcon.colcon_core.environment:checking '/root/ros2_ws/src/px4_nav2_bridge/install/px4_nav2_bridge/bin'
[1.357s] Level 1:colcon.colcon_core.environment:checking '/root/ros2_ws/src/px4_nav2_bridge/install/px4_nav2_bridge/lib/pkgconfig/px4_nav2_bridge.pc'
[1.357s] Level 1:colcon.colcon_core.environment:checking '/root/ros2_ws/src/px4_nav2_bridge/install/px4_nav2_bridge/lib/python3.12/site-packages'
[1.357s] Level 1:colcon.colcon_core.shell:create_environment_hook('px4_nav2_bridge', 'pythonpath')
[1.357s] INFO:colcon.colcon_core.shell:Creating environment hook '/root/ros2_ws/src/px4_nav2_bridge/install/px4_nav2_bridge/share/px4_nav2_bridge/hook/pythonpath.ps1'
[1.357s] INFO:colcon.colcon_core.shell:Creating environment descriptor '/root/ros2_ws/src/px4_nav2_bridge/install/px4_nav2_bridge/share/px4_nav2_bridge/hook/pythonpath.dsv'
[1.357s] INFO:colcon.colcon_core.shell:Creating environment hook '/root/ros2_ws/src/px4_nav2_bridge/install/px4_nav2_bridge/share/px4_nav2_bridge/hook/pythonpath.sh'
[1.358s] Level 1:colcon.colcon_core.environment:checking '/root/ros2_ws/src/px4_nav2_bridge/install/px4_nav2_bridge/bin'
[1.358s] Level 1:colcon.colcon_core.environment:create_environment_scripts_only(px4_nav2_bridge)
[1.358s] INFO:colcon.colcon_core.shell:Creating package script '/root/ros2_ws/src/px4_nav2_bridge/install/px4_nav2_bridge/share/px4_nav2_bridge/package.ps1'
[1.359s] INFO:colcon.colcon_core.shell:Creating package descriptor '/root/ros2_ws/src/px4_nav2_bridge/install/px4_nav2_bridge/share/px4_nav2_bridge/package.dsv'
[1.359s] INFO:colcon.colcon_core.shell:Creating package script '/root/ros2_ws/src/px4_nav2_bridge/install/px4_nav2_bridge/share/px4_nav2_bridge/package.sh'
[1.360s] INFO:colcon.colcon_core.shell:Creating package script '/root/ros2_ws/src/px4_nav2_bridge/install/px4_nav2_bridge/share/px4_nav2_bridge/package.bash'
[1.360s] INFO:colcon.colcon_core.shell:Creating package script '/root/ros2_ws/src/px4_nav2_bridge/install/px4_nav2_bridge/share/px4_nav2_bridge/package.zsh'
[1.361s] Level 1:colcon.colcon_core.environment:create_file_with_runtime_dependencies(/root/ros2_ws/src/px4_nav2_bridge/install/px4_nav2_bridge/share/colcon-core/packages/px4_nav2_bridge)
[1.362s] DEBUG:colcon.colcon_parallel_executor.executor.parallel:closing loop
[1.362s] DEBUG:colcon.colcon_parallel_executor.executor.parallel:loop closed
[1.362s] DEBUG:colcon.colcon_parallel_executor.executor.parallel:run_until_complete finished with '0'
[1.362s] DEBUG:colcon.colcon_core.event_reactor:joining thread
[1.445s] INFO:colcon.colcon_core.plugin_system:Skipping extension 'colcon_notification.desktop_notification.notify_send': Could not find 'notify-send'
[1.445s] INFO:colcon.colcon_core.plugin_system:Skipping extension 'colcon_notification.desktop_notification.terminal_notifier': Not used on non-Darwin systems
[1.445s] INFO:colcon.colcon_core.plugin_system:Skipping extension 'colcon_notification.desktop_notification.win32': Not used on non-Windows systems
[1.445s] INFO:colcon.colcon_notification.desktop_notification:Sending desktop notification using 'notify2'
[1.449s] DEBUG:colcon.colcon_notification.desktop_notification.notify2:Failed to initialize notify2: org.freedesktop.DBus.Error.ServiceUnknown: The name org.freedesktop.Notifications was not provided by any .service files
[1.450s] DEBUG:colcon.colcon_core.event_reactor:joined thread
[1.450s] INFO:colcon.colcon_core.shell:Creating prefix script '/root/ros2_ws/src/px4_nav2_bridge/install/local_setup.ps1'
[1.451s] INFO:colcon.colcon_core.shell:Creating prefix util module '/root/ros2_ws/src/px4_nav2_bridge/install/_local_setup_util_ps1.py'
[1.451s] INFO:colcon.colcon_core.shell:Creating prefix chain script '/root/ros2_ws/src/px4_nav2_bridge/install/setup.ps1'
[1.452s] INFO:colcon.colcon_core.shell:Creating prefix script '/root/ros2_ws/src/px4_nav2_bridge/install/local_setup.sh'
[1.453s] INFO:colcon.colcon_core.shell:Creating prefix util module '/root/ros2_ws/src/px4_nav2_bridge/install/_local_setup_util_sh.py'
[1.453s] INFO:colcon.colcon_core.shell:Creating prefix chain script '/root/ros2_ws/src/px4_nav2_bridge/install/setup.sh'
[1.454s] INFO:colcon.colcon_core.shell:Creating prefix script '/root/ros2_ws/src/px4_nav2_bridge/install/local_setup.bash'
[1.454s] INFO:colcon.colcon_core.shell:Creating prefix chain script '/root/ros2_ws/src/px4_nav2_bridge/install/setup.bash'
[1.455s] INFO:colcon.colcon_core.shell:Creating prefix script '/root/ros2_ws/src/px4_nav2_bridge/install/local_setup.zsh'
[1.455s] INFO:colcon.colcon_core.shell:Creating prefix chain script '/root/ros2_ws/src/px4_nav2_bridge/install/setup.zsh'
